{
  "version": "1.5.0",
  "plugins_used": [
    {
      "name": "ArtifactoryDetector"
    },
    {
      "name": "AWSKeyDetector"
    },
    {
      "name": "AzureStorageKeyDetector"
    },
    {
      "name": "Base64HighEntropyString",
      "limit": 4.5
    },
    {
      "name": "BasicAuthDetector"
    },
    {
      "name": "CloudantDetector"
    },
    {
      "name": "DiscordBotTokenDetector"
    },
    {
      "name": "GitHubTokenDetector"
    },
    {
      "name": "GitLabTokenDetector"
    },
    {
      "name": "HexHighEntropyString",
      "limit": 3.0
    },
    {
      "name": "IbmCloudIamDetector"
    },
    {
      "name": "IbmCosHmacDetector"
    },
    {
      "name": "IPPublicDetector"
    },
    {
      "name": "JwtTokenDetector"
    },
    {
      "name": "KeywordDetector",
      "keyword_exclude": ""
    },
    {
      "name": "MailchimpDetector"
    },
    {
      "name": "NpmDetector"
    },
    {
      "name": "OpenAIDetector"
    },
    {
      "name": "PrivateKeyDetector"
    },
    {
      "name": "PypiTokenDetector"
    },
    {
      "name": "SendGridDetector"
    },
    {
      "name": "SlackDetector"
    },
    {
      "name": "SoftlayerDetector"
    },
    {
      "name": "SquareOAuthDetector"
    },
    {
      "name": "StripeDetector"
    },
    {
      "name": "TelegramBotTokenDetector"
    },
    {
      "name": "TwilioKeyDetector"
    }
  ],
  "filters_used": [
    {
      "path": "detect_secrets.filters.allowlist.is_line_allowlisted"
    },
    {
      "path": "detect_secrets.filters.common.is_ignored_due_to_verification_policies",
      "min_level": 2
    },
    {
      "path": "detect_secrets.filters.heuristic.is_indirect_reference"
    },
    {
      "path": "detect_secrets.filters.heuristic.is_likely_id_string"
    },
    {
      "path": "detect_secrets.filters.heuristic.is_lock_file"
    },
    {
      "path": "detect_secrets.filters.heuristic.is_not_alphanumeric_string"
    },
    {
      "path": "detect_secrets.filters.heuristic.is_potential_uuid"
    },
    {
      "path": "detect_secrets.filters.heuristic.is_prefixed_with_dollar_sign"
    },
    {
      "path": "detect_secrets.filters.heuristic.is_sequential_string"
    },
    {
      "path": "detect_secrets.filters.heuristic.is_swagger_file"
    },
    {
      "path": "detect_secrets.filters.heuristic.is_templated_secret"
    },
    {
      "path": "detect_secrets.filters.regex.should_exclude_file",
      "pattern": [
        "package-lock.json"
      ]
    }
  ],
  "results": {
    "docs/architecture/decisions/ADR-004-rds-tools-and-aws-integration.md": [
      {
        "type": "Secret Keyword",
        "filename": "docs/architecture/decisions/ADR-004-rds-tools-and-aws-integration.md",
        "hashed_secret": "954dd1dae0040b00a0b29d6bd3da939c0b742dad",
        "is_verified": false,
        "line_number": 953
      },
      {
        "type": "Secret Keyword",
        "filename": "docs/architecture/decisions/ADR-004-rds-tools-and-aws-integration.md",
        "hashed_secret": "d2eb1e4c15a1d29af2fbf2805b58094b576891b3",
        "is_verified": false,
        "line_number": 1044
      }
    ],
    "docs/guides/README_mysql_collector.md": [
      {
        "type": "Secret Keyword",
        "filename": "docs/guides/README_mysql_collector.md",
        "hashed_secret": "300296288ef502c21db2808601303438a920986a",
        "is_verified": false,
        "line_number": 82
      },
      {
        "type": "Secret Keyword",
        "filename": "docs/guides/README_mysql_collector.md",
        "hashed_secret": "83a40eb88ec246778956bd854efec4f87fe3b742",
        "is_verified": false,
        "line_number": 397
      }
    ],
    "docs/guides/strands-collector-guide.md": [
      {
        "type": "Secret Keyword",
        "filename": "docs/guides/strands-collector-guide.md",
        "hashed_secret": "954dd1dae0040b00a0b29d6bd3da939c0b742dad",
        "is_verified": false,
        "line_number": 1187
      }
    ],
    "src/ui/public/data/analysis-documentdb.json": [
      {
        "type": "Hex High Entropy String",
        "filename": "src/ui/public/data/analysis-documentdb.json",
        "hashed_secret": "550b45d2f860e6263c5385e2dfa465ed92f6885b",
        "is_verified": false,
        "line_number": 138
      },
      {
        "type": "Hex High Entropy String",
        "filename": "src/ui/public/data/analysis-documentdb.json",
        "hashed_secret": "42d43ae64fdc70aae7e49d0844b176601cfe9d47",
        "is_verified": false,
        "line_number": 139
      },
      {
        "type": "Hex High Entropy String",
        "filename": "src/ui/public/data/analysis-documentdb.json",
        "hashed_secret": "0758c8a10c8c3236bf2ca50dcf255be9c1713e06",
        "is_verified": false,
        "line_number": 140
      },
      {
        "type": "Hex High Entropy String",
        "filename": "src/ui/public/data/analysis-documentdb.json",
        "hashed_secret": "647b418c2271f70bca46de99b3d8461ea00b23e5",
        "is_verified": false,
        "line_number": 141
      },
      {
        "type": "Hex High Entropy String",
        "filename": "src/ui/public/data/analysis-documentdb.json",
        "hashed_secret": "cbfb47ee36d08bf0a764f8f56ab02997ac54df4d",
        "is_verified": false,
        "line_number": 142
      },
      {
        "type": "Hex High Entropy String",
        "filename": "src/ui/public/data/analysis-documentdb.json",
        "hashed_secret": "f6d7dd2c85896a0bf01350e44d2e98311249937b",
        "is_verified": false,
        "line_number": 143
      },
      {
        "type": "Hex High Entropy String",
        "filename": "src/ui/public/data/analysis-documentdb.json",
        "hashed_secret": "9e72dbbd814bc232e35dd54319174bfa3f0fabd9",
        "is_verified": false,
        "line_number": 144
      },
      {
        "type": "Hex High Entropy String",
        "filename": "src/ui/public/data/analysis-documentdb.json",
        "hashed_secret": "a3e7b005d1e7bc6f1d861b37a35c25a030d240a5",
        "is_verified": false,
        "line_number": 145
      },
      {
        "type": "Hex High Entropy String",
        "filename": "src/ui/public/data/analysis-documentdb.json",
        "hashed_secret": "7861b77a5bea04b5adaf11071dd671fa726bc0df",
        "is_verified": false,
        "line_number": 146
      },
      {
        "type": "Hex High Entropy String",
        "filename": "src/ui/public/data/analysis-documentdb.json",
        "hashed_secret": "966b139e1753a21188acc7ea7c3202c1e894163d",
        "is_verified": false,
        "line_number": 147
      },
      {
        "type": "Hex High Entropy String",
        "filename": "src/ui/public/data/analysis-documentdb.json",
        "hashed_secret": "96b82bda938ee79a7f2bb6ef84b95a8f8fef437f",
        "is_verified": false,
        "line_number": 148
      },
      {
        "type": "Hex High Entropy String",
        "filename": "src/ui/public/data/analysis-documentdb.json",
        "hashed_secret": "a73e165319526a21e0aef6cba695553b6d8b665f",
        "is_verified": false,
        "line_number": 149
      },
      {
        "type": "Hex High Entropy String",
        "filename": "src/ui/public/data/analysis-documentdb.json",
        "hashed_secret": "b9a617c97f93c9185ab821fb9bc659d4de57b88d",
        "is_verified": false,
        "line_number": 150
      },
      {
        "type": "Hex High Entropy String",
        "filename": "src/ui/public/data/analysis-documentdb.json",
        "hashed_secret": "468add56f9145616df05e3ad6fcd127f0e93dcc1",
        "is_verified": false,
        "line_number": 151
      },
      {
        "type": "Hex High Entropy String",
        "filename": "src/ui/public/data/analysis-documentdb.json",
        "hashed_secret": "19cf16b8bc585abb9df36a48cfb1a54f817a8871",
        "is_verified": false,
        "line_number": 152
      },
      {
        "type": "Hex High Entropy String",
        "filename": "src/ui/public/data/analysis-documentdb.json",
        "hashed_secret": "85c737e33c7d02263674ed9dd9c90190f4507343",
        "is_verified": false,
        "line_number": 153
      },
      {
        "type": "Hex High Entropy String",
        "filename": "src/ui/public/data/analysis-documentdb.json",
        "hashed_secret": "4d80aade9110468000456355d15a874fe77e4099",
        "is_verified": false,
        "line_number": 154
      },
      {
        "type": "Hex High Entropy String",
        "filename": "src/ui/public/data/analysis-documentdb.json",
        "hashed_secret": "8326a75f6ec2a88f090fc0a6490c167d07b658bd",
        "is_verified": false,
        "line_number": 155
      },
      {
        "type": "Hex High Entropy String",
        "filename": "src/ui/public/data/analysis-documentdb.json",
        "hashed_secret": "97222cb4d6eb9156637ae5bc872a8c77e2e20d0d",
        "is_verified": false,
        "line_number": 156
      },
      {
        "type": "Hex High Entropy String",
        "filename": "src/ui/public/data/analysis-documentdb.json",
        "hashed_secret": "dbd717af334a7aaee8cbe45fdccd3dff5bb4ba9e",
        "is_verified": false,
        "line_number": 157
      },
      {
        "type": "Hex High Entropy String",
        "filename": "src/ui/public/data/analysis-documentdb.json",
        "hashed_secret": "400b87b99bf2d4f9e2a052a28db0f51ae4d341ee",
        "is_verified": false,
        "line_number": 158
      },
      {
        "type": "Hex High Entropy String",
        "filename": "src/ui/public/data/analysis-documentdb.json",
        "hashed_secret": "befd6c968f4ac7445c6938d79979277454202e18",
        "is_verified": false,
        "line_number": 159
      },
      {
        "type": "Hex High Entropy String",
        "filename": "src/ui/public/data/analysis-documentdb.json",
        "hashed_secret": "97119ba1780f7ae2aa69af1cacfc07b8aa924112",
        "is_verified": false,
        "line_number": 160
      },
      {
        "type": "Hex High Entropy String",
        "filename": "src/ui/public/data/analysis-documentdb.json",
        "hashed_secret": "66459515f1addcfdc280ca39103bc9d23e841119",
        "is_verified": false,
        "line_number": 161
      },
      {
        "type": "Hex High Entropy String",
        "filename": "src/ui/public/data/analysis-documentdb.json",
        "hashed_secret": "b2a6adb9ccc72284e87ca5b52d79091147dd4b4a",
        "is_verified": false,
        "line_number": 162
      },
      {
        "type": "Hex High Entropy String",
        "filename": "src/ui/public/data/analysis-documentdb.json",
        "hashed_secret": "837b8129c4277ec701fc11b2b75b6cd8f61a670a",
        "is_verified": false,
        "line_number": 163
      },
      {
        "type": "Hex High Entropy String",
        "filename": "src/ui/public/data/analysis-documentdb.json",
        "hashed_secret": "56bd01ce7b453cbebda33485ae7fd53a262ec62f",
        "is_verified": false,
        "line_number": 164
      },
      {
        "type": "Hex High Entropy String",
        "filename": "src/ui/public/data/analysis-documentdb.json",
        "hashed_secret": "642794cb928af2cb7b00ffe43ac033544ea704ee",
        "is_verified": false,
        "line_number": 165
      },
      {
        "type": "Hex High Entropy String",
        "filename": "src/ui/public/data/analysis-documentdb.json",
        "hashed_secret": "ffcee37daedd936e696d8031d37bb5f2a7989c0b",
        "is_verified": false,
        "line_number": 166
      },
      {
        "type": "Hex High Entropy String",
        "filename": "src/ui/public/data/analysis-documentdb.json",
        "hashed_secret": "bad4084b7a73a3b95942cd8115057c9844bfcb66",
        "is_verified": false,
        "line_number": 167
      },
      {
        "type": "Hex High Entropy String",
        "filename": "src/ui/public/data/analysis-documentdb.json",
        "hashed_secret": "3930afce1b84c142542b5d3438a4fe44a3240809",
        "is_verified": false,
        "line_number": 168
      }
    ],
    "src/ui/public/data/analysis-dynamodb.json": [
      {
        "type": "Hex High Entropy String",
        "filename": "src/ui/public/data/analysis-dynamodb.json",
        "hashed_secret": "0758c8a10c8c3236bf2ca50dcf255be9c1713e06",
        "is_verified": false,
        "line_number": 148
      },
      {
        "type": "Hex High Entropy String",
        "filename": "src/ui/public/data/analysis-dynamodb.json",
        "hashed_secret": "cbfb47ee36d08bf0a764f8f56ab02997ac54df4d",
        "is_verified": false,
        "line_number": 149
      },
      {
        "type": "Hex High Entropy String",
        "filename": "src/ui/public/data/analysis-dynamodb.json",
        "hashed_secret": "9e72dbbd814bc232e35dd54319174bfa3f0fabd9",
        "is_verified": false,
        "line_number": 150
      },
      {
        "type": "Hex High Entropy String",
        "filename": "src/ui/public/data/analysis-dynamodb.json",
        "hashed_secret": "966b139e1753a21188acc7ea7c3202c1e894163d",
        "is_verified": false,
        "line_number": 151
      },
      {
        "type": "Hex High Entropy String",
        "filename": "src/ui/public/data/analysis-dynamodb.json",
        "hashed_secret": "96b82bda938ee79a7f2bb6ef84b95a8f8fef437f",
        "is_verified": false,
        "line_number": 152
      },
      {
        "type": "Hex High Entropy String",
        "filename": "src/ui/public/data/analysis-dynamodb.json",
        "hashed_secret": "8e3ee2ade96d7728d878d5f9ef82603ccf82190a",
        "is_verified": false,
        "line_number": 153
      },
      {
        "type": "Hex High Entropy String",
        "filename": "src/ui/public/data/analysis-dynamodb.json",
        "hashed_secret": "468add56f9145616df05e3ad6fcd127f0e93dcc1",
        "is_verified": false,
        "line_number": 154
      },
      {
        "type": "Hex High Entropy String",
        "filename": "src/ui/public/data/analysis-dynamodb.json",
        "hashed_secret": "85c737e33c7d02263674ed9dd9c90190f4507343",
        "is_verified": false,
        "line_number": 155
      },
      {
        "type": "Hex High Entropy String",
        "filename": "src/ui/public/data/analysis-dynamodb.json",
        "hashed_secret": "8326a75f6ec2a88f090fc0a6490c167d07b658bd",
        "is_verified": false,
        "line_number": 171
      },
      {
        "type": "Hex High Entropy String",
        "filename": "src/ui/public/data/analysis-dynamodb.json",
        "hashed_secret": "97222cb4d6eb9156637ae5bc872a8c77e2e20d0d",
        "is_verified": false,
        "line_number": 172
      },
      {
        "type": "Hex High Entropy String",
        "filename": "src/ui/public/data/analysis-dynamodb.json",
        "hashed_secret": "a3e7b005d1e7bc6f1d861b37a35c25a030d240a5",
        "is_verified": false,
        "line_number": 186
      },
      {
        "type": "Hex High Entropy String",
        "filename": "src/ui/public/data/analysis-dynamodb.json",
        "hashed_secret": "7861b77a5bea04b5adaf11071dd671fa726bc0df",
        "is_verified": false,
        "line_number": 187
      },
      {
        "type": "Hex High Entropy String",
        "filename": "src/ui/public/data/analysis-dynamodb.json",
        "hashed_secret": "18845375bf0ebe835d8823662d7dbed435264425",
        "is_verified": false,
        "line_number": 188
      },
      {
        "type": "Hex High Entropy String",
        "filename": "src/ui/public/data/analysis-dynamodb.json",
        "hashed_secret": "550b45d2f860e6263c5385e2dfa465ed92f6885b",
        "is_verified": false,
        "line_number": 203
      },
      {
        "type": "Hex High Entropy String",
        "filename": "src/ui/public/data/analysis-dynamodb.json",
        "hashed_secret": "647b418c2271f70bca46de99b3d8461ea00b23e5",
        "is_verified": false,
        "line_number": 204
      },
      {
        "type": "Hex High Entropy String",
        "filename": "src/ui/public/data/analysis-dynamodb.json",
        "hashed_secret": "42d43ae64fdc70aae7e49d0844b176601cfe9d47",
        "is_verified": false,
        "line_number": 221
      },
      {
        "type": "Hex High Entropy String",
        "filename": "src/ui/public/data/analysis-dynamodb.json",
        "hashed_secret": "f6d7dd2c85896a0bf01350e44d2e98311249937b",
        "is_verified": false,
        "line_number": 262
      },
      {
        "type": "Hex High Entropy String",
        "filename": "src/ui/public/data/analysis-dynamodb.json",
        "hashed_secret": "a73e165319526a21e0aef6cba695553b6d8b665f",
        "is_verified": false,
        "line_number": 265
      },
      {
        "type": "Hex High Entropy String",
        "filename": "src/ui/public/data/analysis-dynamodb.json",
        "hashed_secret": "b9a617c97f93c9185ab821fb9bc659d4de57b88d",
        "is_verified": false,
        "line_number": 267
      },
      {
        "type": "Hex High Entropy String",
        "filename": "src/ui/public/data/analysis-dynamodb.json",
        "hashed_secret": "19cf16b8bc585abb9df36a48cfb1a54f817a8871",
        "is_verified": false,
        "line_number": 268
      },
      {
        "type": "Hex High Entropy String",
        "filename": "src/ui/public/data/analysis-dynamodb.json",
        "hashed_secret": "4d80aade9110468000456355d15a874fe77e4099",
        "is_verified": false,
        "line_number": 269
      }
    ],
    "src/ui/public/data/analysis-opensearch.json": [
      {
        "type": "Hex High Entropy String",
        "filename": "src/ui/public/data/analysis-opensearch.json",
        "hashed_secret": "550b45d2f860e6263c5385e2dfa465ed92f6885b",
        "is_verified": false,
        "line_number": 131
      },
      {
        "type": "Hex High Entropy String",
        "filename": "src/ui/public/data/analysis-opensearch.json",
        "hashed_secret": "0758c8a10c8c3236bf2ca50dcf255be9c1713e06",
        "is_verified": false,
        "line_number": 145
      },
      {
        "type": "Hex High Entropy String",
        "filename": "src/ui/public/data/analysis-opensearch.json",
        "hashed_secret": "97222cb4d6eb9156637ae5bc872a8c77e2e20d0d",
        "is_verified": false,
        "line_number": 146
      },
      {
        "type": "Hex High Entropy String",
        "filename": "src/ui/public/data/analysis-opensearch.json",
        "hashed_secret": "42d43ae64fdc70aae7e49d0844b176601cfe9d47",
        "is_verified": false,
        "line_number": 161
      },
      {
        "type": "Hex High Entropy String",
        "filename": "src/ui/public/data/analysis-opensearch.json",
        "hashed_secret": "cbfb47ee36d08bf0a764f8f56ab02997ac54df4d",
        "is_verified": false,
        "line_number": 176
      },
      {
        "type": "Hex High Entropy String",
        "filename": "src/ui/public/data/analysis-opensearch.json",
        "hashed_secret": "96b82bda938ee79a7f2bb6ef84b95a8f8fef437f",
        "is_verified": false,
        "line_number": 177
      },
      {
        "type": "Hex High Entropy String",
        "filename": "src/ui/public/data/analysis-opensearch.json",
        "hashed_secret": "85c737e33c7d02263674ed9dd9c90190f4507343",
        "is_verified": false,
        "line_number": 178
      },
      {
        "type": "Hex High Entropy String",
        "filename": "src/ui/public/data/analysis-opensearch.json",
        "hashed_secret": "647b418c2271f70bca46de99b3d8461ea00b23e5",
        "is_verified": false,
        "line_number": 192
      },
      {
        "type": "Hex High Entropy String",
        "filename": "src/ui/public/data/analysis-opensearch.json",
        "hashed_secret": "8326a75f6ec2a88f090fc0a6490c167d07b658bd",
        "is_verified": false,
        "line_number": 193
      },
      {
        "type": "Hex High Entropy String",
        "filename": "src/ui/public/data/analysis-opensearch.json",
        "hashed_secret": "7861b77a5bea04b5adaf11071dd671fa726bc0df",
        "is_verified": false,
        "line_number": 195
      },
      {
        "type": "Hex High Entropy String",
        "filename": "src/ui/public/data/analysis-opensearch.json",
        "hashed_secret": "39160fc1696df07a693a753599317e6dbaa1ba0d",
        "is_verified": false,
        "line_number": 198
      },
      {
        "type": "Hex High Entropy String",
        "filename": "src/ui/public/data/analysis-opensearch.json",
        "hashed_secret": "5917e3fe27b43ffdf393129440540c7b9a48748b",
        "is_verified": false,
        "line_number": 199
      },
      {
        "type": "Hex High Entropy String",
        "filename": "src/ui/public/data/analysis-opensearch.json",
        "hashed_secret": "d4b1f5c2ebd0d761360466594058818b65833016",
        "is_verified": false,
        "line_number": 200
      },
      {
        "type": "Hex High Entropy String",
        "filename": "src/ui/public/data/analysis-opensearch.json",
        "hashed_secret": "3bbaf82bf2a3ced9e7a062ff59b31f67a8f63604",
        "is_verified": false,
        "line_number": 201
      }
    ],
    "src/ui/public/data/synthesis-report.json": [
      {
        "type": "Hex High Entropy String",
        "filename": "src/ui/public/data/synthesis-report.json",
        "hashed_secret": "f6d7dd2c85896a0bf01350e44d2e98311249937b",
        "is_verified": false,
        "line_number": 156
      },
      {
        "type": "Hex High Entropy String",
        "filename": "src/ui/public/data/synthesis-report.json",
        "hashed_secret": "a3e7b005d1e7bc6f1d861b37a35c25a030d240a5",
        "is_verified": false,
        "line_number": 169
      },
      {
        "type": "Hex High Entropy String",
        "filename": "src/ui/public/data/synthesis-report.json",
        "hashed_secret": "647b418c2271f70bca46de99b3d8461ea00b23e5",
        "is_verified": false,
        "line_number": 182
      },
      {
        "type": "Hex High Entropy String",
        "filename": "src/ui/public/data/synthesis-report.json",
        "hashed_secret": "a73e165319526a21e0aef6cba695553b6d8b665f",
        "is_verified": false,
        "line_number": 195
      },
      {
        "type": "Hex High Entropy String",
        "filename": "src/ui/public/data/synthesis-report.json",
        "hashed_secret": "cbfb47ee36d08bf0a764f8f56ab02997ac54df4d",
        "is_verified": false,
        "line_number": 273
      },
      {
        "type": "Hex High Entropy String",
        "filename": "src/ui/public/data/synthesis-report.json",
        "hashed_secret": "96b82bda938ee79a7f2bb6ef84b95a8f8fef437f",
        "is_verified": false,
        "line_number": 286
      },
      {
        "type": "Hex High Entropy String",
        "filename": "src/ui/public/data/synthesis-report.json",
        "hashed_secret": "9e72dbbd814bc232e35dd54319174bfa3f0fabd9",
        "is_verified": false,
        "line_number": 299
      },
      {
        "type": "Hex High Entropy String",
        "filename": "src/ui/public/data/synthesis-report.json",
        "hashed_secret": "dbd717af334a7aaee8cbe45fdccd3dff5bb4ba9e",
        "is_verified": false,
        "line_number": 312
      },
      {
        "type": "Hex High Entropy String",
        "filename": "src/ui/public/data/synthesis-report.json",
        "hashed_secret": "8326a75f6ec2a88f090fc0a6490c167d07b658bd",
        "is_verified": false,
        "line_number": 325
      },
      {
        "type": "Hex High Entropy String",
        "filename": "src/ui/public/data/synthesis-report.json",
        "hashed_secret": "0758c8a10c8c3236bf2ca50dcf255be9c1713e06",
        "is_verified": false,
        "line_number": 414
      },
      {
        "type": "Hex High Entropy String",
        "filename": "src/ui/public/data/synthesis-report.json",
        "hashed_secret": "85c737e33c7d02263674ed9dd9c90190f4507343",
        "is_verified": false,
        "line_number": 427
      },
      {
        "type": "Hex High Entropy String",
        "filename": "src/ui/public/data/synthesis-report.json",
        "hashed_secret": "97222cb4d6eb9156637ae5bc872a8c77e2e20d0d",
        "is_verified": false,
        "line_number": 440
      },
      {
        "type": "Hex High Entropy String",
        "filename": "src/ui/public/data/synthesis-report.json",
        "hashed_secret": "97119ba1780f7ae2aa69af1cacfc07b8aa924112",
        "is_verified": false,
        "line_number": 453
      },
      {
        "type": "Hex High Entropy String",
        "filename": "src/ui/public/data/synthesis-report.json",
        "hashed_secret": "b9a617c97f93c9185ab821fb9bc659d4de57b88d",
        "is_verified": false,
        "line_number": 529
      },
      {
        "type": "Hex High Entropy String",
        "filename": "src/ui/public/data/synthesis-report.json",
        "hashed_secret": "966b139e1753a21188acc7ea7c3202c1e894163d",
        "is_verified": false,
        "line_number": 542
      },
      {
        "type": "Hex High Entropy String",
        "filename": "src/ui/public/data/synthesis-report.json",
        "hashed_secret": "4d80aade9110468000456355d15a874fe77e4099",
        "is_verified": false,
        "line_number": 555
      },
      {
        "type": "Hex High Entropy String",
        "filename": "src/ui/public/data/synthesis-report.json",
        "hashed_secret": "468add56f9145616df05e3ad6fcd127f0e93dcc1",
        "is_verified": false,
        "line_number": 568
      },
      {
        "type": "Hex High Entropy String",
        "filename": "src/ui/public/data/synthesis-report.json",
        "hashed_secret": "400b87b99bf2d4f9e2a052a28db0f51ae4d341ee",
        "is_verified": false,
        "line_number": 581
      },
      {
        "type": "Hex High Entropy String",
        "filename": "src/ui/public/data/synthesis-report.json",
        "hashed_secret": "66459515f1addcfdc280ca39103bc9d23e841119",
        "is_verified": false,
        "line_number": 594
      },
      {
        "type": "Hex High Entropy String",
        "filename": "src/ui/public/data/synthesis-report.json",
        "hashed_secret": "8e3ee2ade96d7728d878d5f9ef82603ccf82190a",
        "is_verified": false,
        "line_number": 696
      },
      {
        "type": "Hex High Entropy String",
        "filename": "src/ui/public/data/synthesis-report.json",
        "hashed_secret": "42d43ae64fdc70aae7e49d0844b176601cfe9d47",
        "is_verified": false,
        "line_number": 709
      },
      {
        "type": "Hex High Entropy String",
        "filename": "src/ui/public/data/synthesis-report.json",
        "hashed_secret": "7861b77a5bea04b5adaf11071dd671fa726bc0df",
        "is_verified": false,
        "line_number": 761
      },
      {
        "type": "Hex High Entropy String",
        "filename": "src/ui/public/data/synthesis-report.json",
        "hashed_secret": "19cf16b8bc585abb9df36a48cfb1a54f817a8871",
        "is_verified": false,
        "line_number": 774
      },
      {
        "type": "Hex High Entropy String",
        "filename": "src/ui/public/data/synthesis-report.json",
        "hashed_secret": "18845375bf0ebe835d8823662d7dbed435264425",
        "is_verified": false,
        "line_number": 825
      },
      {
        "type": "Hex High Entropy String",
        "filename": "src/ui/public/data/synthesis-report.json",
        "hashed_secret": "550b45d2f860e6263c5385e2dfa465ed92f6885b",
        "is_verified": false,
        "line_number": 862
      },
      {
        "type": "Hex High Entropy String",
        "filename": "src/ui/public/data/synthesis-report.json",
        "hashed_secret": "a5ef426370de98c299ac20d82263bcd7e41dd1fa",
        "is_verified": false,
        "line_number": 900
      }
    ],
    "src/ui/public/data/triage.json": [
      {
        "type": "Hex High Entropy String",
        "filename": "src/ui/public/data/triage.json",
        "hashed_secret": "f6d7dd2c85896a0bf01350e44d2e98311249937b",
        "is_verified": false,
        "line_number": 88
      },
      {
        "type": "Hex High Entropy String",
        "filename": "src/ui/public/data/triage.json",
        "hashed_secret": "18845375bf0ebe835d8823662d7dbed435264425",
        "is_verified": false,
        "line_number": 89
      },
      {
        "type": "Hex High Entropy String",
        "filename": "src/ui/public/data/triage.json",
        "hashed_secret": "b9a617c97f93c9185ab821fb9bc659d4de57b88d",
        "is_verified": false,
        "line_number": 90
      },
      {
        "type": "Hex High Entropy String",
        "filename": "src/ui/public/data/triage.json",
        "hashed_secret": "19cf16b8bc585abb9df36a48cfb1a54f817a8871",
        "is_verified": false,
        "line_number": 91
      },
      {
        "type": "Hex High Entropy String",
        "filename": "src/ui/public/data/triage.json",
        "hashed_secret": "4d80aade9110468000456355d15a874fe77e4099",
        "is_verified": false,
        "line_number": 92
      },
      {
        "type": "Hex High Entropy String",
        "filename": "src/ui/public/data/triage.json",
        "hashed_secret": "89a625c8b2318c1afaf5ca640498affc21297423",
        "is_verified": false,
        "line_number": 93
      },
      {
        "type": "Hex High Entropy String",
        "filename": "src/ui/public/data/triage.json",
        "hashed_secret": "9cd6909ce9c7986750416f27cf10c740676352eb",
        "is_verified": false,
        "line_number": 94
      },
      {
        "type": "Hex High Entropy String",
        "filename": "src/ui/public/data/triage.json",
        "hashed_secret": "b2a6adb9ccc72284e87ca5b52d79091147dd4b4a",
        "is_verified": false,
        "line_number": 95
      },
      {
        "type": "Hex High Entropy String",
        "filename": "src/ui/public/data/triage.json",
        "hashed_secret": "837b8129c4277ec701fc11b2b75b6cd8f61a670a",
        "is_verified": false,
        "line_number": 96
      },
      {
        "type": "Hex High Entropy String",
        "filename": "src/ui/public/data/triage.json",
        "hashed_secret": "56bd01ce7b453cbebda33485ae7fd53a262ec62f",
        "is_verified": false,
        "line_number": 97
      },
      {
        "type": "Hex High Entropy String",
        "filename": "src/ui/public/data/triage.json",
        "hashed_secret": "642794cb928af2cb7b00ffe43ac033544ea704ee",
        "is_verified": false,
        "line_number": 98
      },
      {
        "type": "Hex High Entropy String",
        "filename": "src/ui/public/data/triage.json",
        "hashed_secret": "ffcee37daedd936e696d8031d37bb5f2a7989c0b",
        "is_verified": false,
        "line_number": 99
      },
      {
        "type": "Hex High Entropy String",
        "filename": "src/ui/public/data/triage.json",
        "hashed_secret": "bad4084b7a73a3b95942cd8115057c9844bfcb66",
        "is_verified": false,
        "line_number": 100
      },
      {
        "type": "Hex High Entropy String",
        "filename": "src/ui/public/data/triage.json",
        "hashed_secret": "3930afce1b84c142542b5d3438a4fe44a3240809",
        "is_verified": false,
        "line_number": 101
      },
      {
        "type": "Hex High Entropy String",
        "filename": "src/ui/public/data/triage.json",
        "hashed_secret": "19dc81b195612ceb5c3b9a748f5f53ca535656d2",
        "is_verified": false,
        "line_number": 102
      },
      {
        "type": "Hex High Entropy String",
        "filename": "src/ui/public/data/triage.json",
        "hashed_secret": "0758c8a10c8c3236bf2ca50dcf255be9c1713e06",
        "is_verified": false,
        "line_number": 116
      },
      {
        "type": "Hex High Entropy String",
        "filename": "src/ui/public/data/triage.json",
        "hashed_secret": "cbfb47ee36d08bf0a764f8f56ab02997ac54df4d",
        "is_verified": false,
        "line_number": 117
      },
      {
        "type": "Hex High Entropy String",
        "filename": "src/ui/public/data/triage.json",
        "hashed_secret": "9e72dbbd814bc232e35dd54319174bfa3f0fabd9",
        "is_verified": false,
        "line_number": 118
      },
      {
        "type": "Hex High Entropy String",
        "filename": "src/ui/public/data/triage.json",
        "hashed_secret": "966b139e1753a21188acc7ea7c3202c1e894163d",
        "is_verified": false,
        "line_number": 119
      },
      {
        "type": "Hex High Entropy String",
        "filename": "src/ui/public/data/triage.json",
        "hashed_secret": "96b82bda938ee79a7f2bb6ef84b95a8f8fef437f",
        "is_verified": false,
        "line_number": 120
      },
      {
        "type": "Hex High Entropy String",
        "filename": "src/ui/public/data/triage.json",
        "hashed_secret": "8e3ee2ade96d7728d878d5f9ef82603ccf82190a",
        "is_verified": false,
        "line_number": 121
      },
      {
        "type": "Hex High Entropy String",
        "filename": "src/ui/public/data/triage.json",
        "hashed_secret": "647b418c2271f70bca46de99b3d8461ea00b23e5",
        "is_verified": false,
        "line_number": 136
      },
      {
        "type": "Hex High Entropy String",
        "filename": "src/ui/public/data/triage.json",
        "hashed_secret": "7861b77a5bea04b5adaf11071dd671fa726bc0df",
        "is_verified": false,
        "line_number": 137
      },
      {
        "type": "Hex High Entropy String",
        "filename": "src/ui/public/data/triage.json",
        "hashed_secret": "8326a75f6ec2a88f090fc0a6490c167d07b658bd",
        "is_verified": false,
        "line_number": 138
      },
      {
        "type": "Hex High Entropy String",
        "filename": "src/ui/public/data/triage.json",
        "hashed_secret": "97222cb4d6eb9156637ae5bc872a8c77e2e20d0d",
        "is_verified": false,
        "line_number": 139
      },
      {
        "type": "Hex High Entropy String",
        "filename": "src/ui/public/data/triage.json",
        "hashed_secret": "a3e7b005d1e7bc6f1d861b37a35c25a030d240a5",
        "is_verified": false,
        "line_number": 153
      },
      {
        "type": "Hex High Entropy String",
        "filename": "src/ui/public/data/triage.json",
        "hashed_secret": "550b45d2f860e6263c5385e2dfa465ed92f6885b",
        "is_verified": false,
        "line_number": 170
      },
      {
        "type": "Hex High Entropy String",
        "filename": "src/ui/public/data/triage.json",
        "hashed_secret": "42d43ae64fdc70aae7e49d0844b176601cfe9d47",
        "is_verified": false,
        "line_number": 183
      },
      {
        "type": "Hex High Entropy String",
        "filename": "src/ui/public/data/triage.json",
        "hashed_secret": "a73e165319526a21e0aef6cba695553b6d8b665f",
        "is_verified": false,
        "line_number": 185
      }
    ],
    "src/ui/src/config/apiMockData.js": [
      {
        "type": "Hex High Entropy String",
        "filename": "src/ui/src/config/apiMockData.js",
        "hashed_secret": "ef678205593788329ff416ce5c65fa04f33a05bd",
        "is_verified": false,
        "line_number": 11
      }
    ],
    "src/ui/src/pages/CreateAnalysis.js": [
      {
        "type": "Secret Keyword",
        "filename": "src/ui/src/pages/CreateAnalysis.js",
        "hashed_secret": "d124b4625fb3a5667190c071a8745a9fcf816df3",
        "is_verified": false,
        "line_number": 873
      },
      {
        "type": "Secret Keyword",
        "filename": "src/ui/src/pages/CreateAnalysis.js",
        "hashed_secret": "bb9192a7147f39d4b6fba9c6dbfa2f562b5ad285",
        "is_verified": false,
        "line_number": 875
      },
      {
        "type": "Secret Keyword",
        "filename": "src/ui/src/pages/CreateAnalysis.js",
        "hashed_secret": "8dbbc2c2c440fe299e903c3f65f39ecb3a20a97d",
        "is_verified": false,
        "line_number": 879
      },
      {
        "type": "Secret Keyword",
        "filename": "src/ui/src/pages/CreateAnalysis.js",
        "hashed_secret": "6c56a9249cba324d029f725f1f7c0e47184e2dcf",
        "is_verified": false,
        "line_number": 886
      }
    ],
    "tests/unit/agents/test_collector_handler.py": [
      {
        "type": "Secret Keyword",
        "filename": "tests/unit/agents/test_collector_handler.py",
        "hashed_secret": "f7dd185f1eda4f6c794ef373aa42c36e1a51eeb7",
        "is_verified": false,
        "line_number": 15
      }
    ]
  },
  "generated_at": "2026-06-04T20:32:47Z"
}
