{
  "version": "1.5.0",
  "plugins_used": [
    {
      "name": "ArtifactoryDetector"
    },
    {
      "name": "AWSKeyDetector"
    },
    {
      "name": "AzureStorageKeyDetector"
    },
    {
      "name": "Base64HighEntropyString",
      "limit": 4.5
    },
    {
      "name": "BasicAuthDetector"
    },
    {
      "name": "CloudantDetector"
    },
    {
      "name": "DiscordBotTokenDetector"
    },
    {
      "name": "GitHubTokenDetector"
    },
    {
      "name": "GitLabTokenDetector"
    },
    {
      "name": "HexHighEntropyString",
      "limit": 3.0
    },
    {
      "name": "IbmCloudIamDetector"
    },
    {
      "name": "IbmCosHmacDetector"
    },
    {
      "name": "IPPublicDetector"
    },
    {
      "name": "JwtTokenDetector"
    },
    {
      "name": "KeywordDetector",
      "keyword_exclude": ""
    },
    {
      "name": "MailchimpDetector"
    },
    {
      "name": "NpmDetector"
    },
    {
      "name": "OpenAIDetector"
    },
    {
      "name": "PrivateKeyDetector"
    },
    {
      "name": "PypiTokenDetector"
    },
    {
      "name": "SendGridDetector"
    },
    {
      "name": "SlackDetector"
    },
    {
      "name": "SoftlayerDetector"
    },
    {
      "name": "SquareOAuthDetector"
    },
    {
      "name": "StripeDetector"
    },
    {
      "name": "TelegramBotTokenDetector"
    },
    {
      "name": "TwilioKeyDetector"
    }
  ],
  "filters_used": [
    {
      "path": "detect_secrets.filters.allowlist.is_line_allowlisted"
    },
    {
      "path": "detect_secrets.filters.common.is_baseline_file",
      "filename": ".secrets.baseline"
    },
    {
      "path": "detect_secrets.filters.common.is_ignored_due_to_verification_policies",
      "min_level": 2
    },
    {
      "path": "detect_secrets.filters.heuristic.is_indirect_reference"
    },
    {
      "path": "detect_secrets.filters.heuristic.is_likely_id_string"
    },
    {
      "path": "detect_secrets.filters.heuristic.is_lock_file"
    },
    {
      "path": "detect_secrets.filters.heuristic.is_not_alphanumeric_string"
    },
    {
      "path": "detect_secrets.filters.heuristic.is_potential_uuid"
    },
    {
      "path": "detect_secrets.filters.heuristic.is_prefixed_with_dollar_sign"
    },
    {
      "path": "detect_secrets.filters.heuristic.is_sequential_string"
    },
    {
      "path": "detect_secrets.filters.heuristic.is_swagger_file"
    },
    {
      "path": "detect_secrets.filters.heuristic.is_templated_secret"
    },
    {
      "path": "detect_secrets.filters.regex.should_exclude_file",
      "pattern": [
        "package-lock.json"
      ]
    }
  ],
  "results": {
    "docs/architecture/decisions/ADR-004-rds-tools-and-aws-integration.md": [
      {
        "type": "Secret Keyword",
        "filename": "docs/architecture/decisions/ADR-004-rds-tools-and-aws-integration.md",
        "hashed_secret": "954dd1dae0040b00a0b29d6bd3da939c0b742dad",
        "is_verified": false,
        "line_number": 953
      },
      {
        "type": "Secret Keyword",
        "filename": "docs/architecture/decisions/ADR-004-rds-tools-and-aws-integration.md",
        "hashed_secret": "d2eb1e4c15a1d29af2fbf2805b58094b576891b3",
        "is_verified": false,
        "line_number": 1044
      }
    ],
    "docs/guides/README_mysql_collector.md": [
      {
        "type": "Secret Keyword",
        "filename": "docs/guides/README_mysql_collector.md",
        "hashed_secret": "300296288ef502c21db2808601303438a920986a",
        "is_verified": false,
        "line_number": 82
      },
      {
        "type": "Secret Keyword",
        "filename": "docs/guides/README_mysql_collector.md",
        "hashed_secret": "83a40eb88ec246778956bd854efec4f87fe3b742",
        "is_verified": false,
        "line_number": 397
      }
    ],
    "docs/guides/strands-collector-guide.md": [
      {
        "type": "Secret Keyword",
        "filename": "docs/guides/strands-collector-guide.md",
        "hashed_secret": "954dd1dae0040b00a0b29d6bd3da939c0b742dad",
        "is_verified": false,
        "line_number": 1187
      }
    ],
    "src/ui/src/config/apiMockData.js": [
      {
        "type": "Hex High Entropy String",
        "filename": "src/ui/src/config/apiMockData.js",
        "hashed_secret": "ef678205593788329ff416ce5c65fa04f33a05bd",
        "is_verified": false,
        "line_number": 11
      }
    ],
    "src/ui/src/pages/CreateAnalysis.js": [
      {
        "type": "Secret Keyword",
        "filename": "src/ui/src/pages/CreateAnalysis.js",
        "hashed_secret": "d124b4625fb3a5667190c071a8745a9fcf816df3",
        "is_verified": false,
        "line_number": 873
      },
      {
        "type": "Secret Keyword",
        "filename": "src/ui/src/pages/CreateAnalysis.js",
        "hashed_secret": "bb9192a7147f39d4b6fba9c6dbfa2f562b5ad285",
        "is_verified": false,
        "line_number": 875
      },
      {
        "type": "Secret Keyword",
        "filename": "src/ui/src/pages/CreateAnalysis.js",
        "hashed_secret": "8dbbc2c2c440fe299e903c3f65f39ecb3a20a97d",
        "is_verified": false,
        "line_number": 879
      },
      {
        "type": "Secret Keyword",
        "filename": "src/ui/src/pages/CreateAnalysis.js",
        "hashed_secret": "6c56a9249cba324d029f725f1f7c0e47184e2dcf",
        "is_verified": false,
        "line_number": 886
      }
    ],
    "tests/unit/agents/referee/test_synthesis_report_unsupported_patterns.py": [
      {
        "type": "Hex High Entropy String",
        "filename": "tests/unit/agents/referee/test_synthesis_report_unsupported_patterns.py",
        "hashed_secret": "3cd845d0f9d7913233eadca1b107058aa86380ac",
        "is_verified": false,
        "line_number": 42
      },
      {
        "type": "Hex High Entropy String",
        "filename": "tests/unit/agents/referee/test_synthesis_report_unsupported_patterns.py",
        "hashed_secret": "3a0ff6295b3d8b1fcab31962cc9312d080ebf7b2",
        "is_verified": false,
        "line_number": 43
      }
    ],
    "tests/unit/agents/test_collector_handler.py": [
      {
        "type": "Secret Keyword",
        "filename": "tests/unit/agents/test_collector_handler.py",
        "hashed_secret": "f7dd185f1eda4f6c794ef373aa42c36e1a51eeb7",
        "is_verified": false,
        "line_number": 15
      }
    ],
    "tests/unit/report/fixtures/wordpress_report.json": [
      {
        "type": "Hex High Entropy String",
        "filename": "tests/unit/report/fixtures/wordpress_report.json",
        "hashed_secret": "4418fb4c67123f5593b4f3fb9c1169c1c8ed41c9",
        "is_verified": false,
        "line_number": 540
      },
      {
        "type": "Hex High Entropy String",
        "filename": "tests/unit/report/fixtures/wordpress_report.json",
        "hashed_secret": "099a3daffb8eb46c3aab7f5fc57cf7f585accb48",
        "is_verified": false,
        "line_number": 553
      },
      {
        "type": "Hex High Entropy String",
        "filename": "tests/unit/report/fixtures/wordpress_report.json",
        "hashed_secret": "28d3525e8f3f5054bb1bd1843980a46cd2444eec",
        "is_verified": false,
        "line_number": 566
      },
      {
        "type": "Hex High Entropy String",
        "filename": "tests/unit/report/fixtures/wordpress_report.json",
        "hashed_secret": "89487b0914fa5efa9553a98e922e77ac6669fb53",
        "is_verified": false,
        "line_number": 629
      },
      {
        "type": "Hex High Entropy String",
        "filename": "tests/unit/report/fixtures/wordpress_report.json",
        "hashed_secret": "bd0e009db7c3401b4b368b38c536677a762d325e",
        "is_verified": false,
        "line_number": 642
      },
      {
        "type": "Hex High Entropy String",
        "filename": "tests/unit/report/fixtures/wordpress_report.json",
        "hashed_secret": "08e9a8a4612e202e9b8c544e1999aa6965cb53ee",
        "is_verified": false,
        "line_number": 655
      },
      {
        "type": "Hex High Entropy String",
        "filename": "tests/unit/report/fixtures/wordpress_report.json",
        "hashed_secret": "e08dfbe5a833ff532c2212558551f511634b10e7",
        "is_verified": false,
        "line_number": 718
      },
      {
        "type": "Hex High Entropy String",
        "filename": "tests/unit/report/fixtures/wordpress_report.json",
        "hashed_secret": "19562fcece7f15e1f6ae580340ffb3c41a12b7bf",
        "is_verified": false,
        "line_number": 731
      },
      {
        "type": "Hex High Entropy String",
        "filename": "tests/unit/report/fixtures/wordpress_report.json",
        "hashed_secret": "a38b81418c4eef34c8f843b55ae6aff43be8a949",
        "is_verified": false,
        "line_number": 744
      },
      {
        "type": "Hex High Entropy String",
        "filename": "tests/unit/report/fixtures/wordpress_report.json",
        "hashed_secret": "d1742112702dbfd35de1819f18e44670b47be5fc",
        "is_verified": false,
        "line_number": 757
      },
      {
        "type": "Hex High Entropy String",
        "filename": "tests/unit/report/fixtures/wordpress_report.json",
        "hashed_secret": "363b10ce249e8f6b9a027019cbed0e600e3abec5",
        "is_verified": false,
        "line_number": 770
      },
      {
        "type": "Hex High Entropy String",
        "filename": "tests/unit/report/fixtures/wordpress_report.json",
        "hashed_secret": "2b3565388a96de44913304bde619fb711a6eb576",
        "is_verified": false,
        "line_number": 859
      },
      {
        "type": "Hex High Entropy String",
        "filename": "tests/unit/report/fixtures/wordpress_report.json",
        "hashed_secret": "6b3244c196f08824b71d8d3562fc757a0f50d5a6",
        "is_verified": false,
        "line_number": 872
      },
      {
        "type": "Hex High Entropy String",
        "filename": "tests/unit/report/fixtures/wordpress_report.json",
        "hashed_secret": "ed11184f2b45c996ba9522b2806941306d655985",
        "is_verified": false,
        "line_number": 885
      },
      {
        "type": "Hex High Entropy String",
        "filename": "tests/unit/report/fixtures/wordpress_report.json",
        "hashed_secret": "affde70e76f554543ff14fcab9ddd15be6f0df2a",
        "is_verified": false,
        "line_number": 948
      },
      {
        "type": "Hex High Entropy String",
        "filename": "tests/unit/report/fixtures/wordpress_report.json",
        "hashed_secret": "e6e79d9566b9b7591f95cbd9c1ba88fbead50e77",
        "is_verified": false,
        "line_number": 961
      },
      {
        "type": "Hex High Entropy String",
        "filename": "tests/unit/report/fixtures/wordpress_report.json",
        "hashed_secret": "379f0b459d4205bf9072c2058fb2b5d53a9b8bfd",
        "is_verified": false,
        "line_number": 974
      },
      {
        "type": "Hex High Entropy String",
        "filename": "tests/unit/report/fixtures/wordpress_report.json",
        "hashed_secret": "5a8b0206c42409a5e1552649573e90a1c5ebba9b",
        "is_verified": false,
        "line_number": 987
      },
      {
        "type": "Hex High Entropy String",
        "filename": "tests/unit/report/fixtures/wordpress_report.json",
        "hashed_secret": "25ef8ff191c959025ab9fc934ac0eda240d2af92",
        "is_verified": false,
        "line_number": 1068
      },
      {
        "type": "Hex High Entropy String",
        "filename": "tests/unit/report/fixtures/wordpress_report.json",
        "hashed_secret": "2df35f92198b36bf471e8526ee0950d947e4e59d",
        "is_verified": false,
        "line_number": 1081
      },
      {
        "type": "Hex High Entropy String",
        "filename": "tests/unit/report/fixtures/wordpress_report.json",
        "hashed_secret": "695d29694e64ba9bf93c2436f74418137eba6a0f",
        "is_verified": false,
        "line_number": 1131
      },
      {
        "type": "Hex High Entropy String",
        "filename": "tests/unit/report/fixtures/wordpress_report.json",
        "hashed_secret": "e2f427830678eada1a7b8d8c389c6c9fa39e1af2",
        "is_verified": false,
        "line_number": 1144
      },
      {
        "type": "Hex High Entropy String",
        "filename": "tests/unit/report/fixtures/wordpress_report.json",
        "hashed_secret": "d6956d25e4878ae53a58b39f500fa1f2937916b9",
        "is_verified": false,
        "line_number": 1157
      },
      {
        "type": "Hex High Entropy String",
        "filename": "tests/unit/report/fixtures/wordpress_report.json",
        "hashed_secret": "401de9eb8802c947c5a3f5069ab679b961eaf9b9",
        "is_verified": false,
        "line_number": 1221
      },
      {
        "type": "Hex High Entropy String",
        "filename": "tests/unit/report/fixtures/wordpress_report.json",
        "hashed_secret": "f50db673059c583824c0f7c580a8362ebc329e4d",
        "is_verified": false,
        "line_number": 1234
      },
      {
        "type": "Hex High Entropy String",
        "filename": "tests/unit/report/fixtures/wordpress_report.json",
        "hashed_secret": "2aaa185abec8d4b8add4307b092d170671d26bb9",
        "is_verified": false,
        "line_number": 1247
      },
      {
        "type": "Hex High Entropy String",
        "filename": "tests/unit/report/fixtures/wordpress_report.json",
        "hashed_secret": "443c21875b8f2600e34446423535606e6e0f7423",
        "is_verified": false,
        "line_number": 1260
      },
      {
        "type": "Hex High Entropy String",
        "filename": "tests/unit/report/fixtures/wordpress_report.json",
        "hashed_secret": "f34c4ac93fce72b4b650e63dce8b3ba6bed0f763",
        "is_verified": false,
        "line_number": 1336
      },
      {
        "type": "Hex High Entropy String",
        "filename": "tests/unit/report/fixtures/wordpress_report.json",
        "hashed_secret": "f0eb03279787c6bf9388a06a332da1c98cad167a",
        "is_verified": false,
        "line_number": 1374
      },
      {
        "type": "Hex High Entropy String",
        "filename": "tests/unit/report/fixtures/wordpress_report.json",
        "hashed_secret": "1f86c8372207757d47dc134b1b4d4129b0179874",
        "is_verified": false,
        "line_number": 1411
      },
      {
        "type": "Hex High Entropy String",
        "filename": "tests/unit/report/fixtures/wordpress_report.json",
        "hashed_secret": "453dad16b88cbc8e094a74616f231a0bd7aaa6f8",
        "is_verified": false,
        "line_number": 1424
      },
      {
        "type": "Hex High Entropy String",
        "filename": "tests/unit/report/fixtures/wordpress_report.json",
        "hashed_secret": "8f3317275215aab6dc2832e36db5edd63dc51077",
        "is_verified": false,
        "line_number": 1474
      },
      {
        "type": "Hex High Entropy String",
        "filename": "tests/unit/report/fixtures/wordpress_report.json",
        "hashed_secret": "360b760709bf16f46aa2a16569bf3c1811b3398d",
        "is_verified": false,
        "line_number": 1487
      },
      {
        "type": "Hex High Entropy String",
        "filename": "tests/unit/report/fixtures/wordpress_report.json",
        "hashed_secret": "0b193e2b4a8e7394016141004f3e769729b9aac3",
        "is_verified": false,
        "line_number": 1537
      },
      {
        "type": "Hex High Entropy String",
        "filename": "tests/unit/report/fixtures/wordpress_report.json",
        "hashed_secret": "563d97b51176bb1a446f76ade24cf852c8586189",
        "is_verified": false,
        "line_number": 1574
      },
      {
        "type": "Hex High Entropy String",
        "filename": "tests/unit/report/fixtures/wordpress_report.json",
        "hashed_secret": "7f158cfffd343f97e3463df1aafef77b95507702",
        "is_verified": false,
        "line_number": 1587
      },
      {
        "type": "Hex High Entropy String",
        "filename": "tests/unit/report/fixtures/wordpress_report.json",
        "hashed_secret": "260cbb297af6481d7bc88d36278bee1e6a47dfc7",
        "is_verified": false,
        "line_number": 1600
      },
      {
        "type": "Hex High Entropy String",
        "filename": "tests/unit/report/fixtures/wordpress_report.json",
        "hashed_secret": "fb3f2544e8bf44fc5819774182165505431c2864",
        "is_verified": false,
        "line_number": 1667
      },
      {
        "type": "Hex High Entropy String",
        "filename": "tests/unit/report/fixtures/wordpress_report.json",
        "hashed_secret": "50ec2e0eecf8235ab5c9a0c082276ceab081277f",
        "is_verified": false,
        "line_number": 1680
      },
      {
        "type": "Hex High Entropy String",
        "filename": "tests/unit/report/fixtures/wordpress_report.json",
        "hashed_secret": "21b2637053c0f2d6a10be19e5cdc0b165ccb8855",
        "is_verified": false,
        "line_number": 1731
      },
      {
        "type": "Hex High Entropy String",
        "filename": "tests/unit/report/fixtures/wordpress_report.json",
        "hashed_secret": "22ffa9d9623e74f858b89b20027d1146f983e814",
        "is_verified": false,
        "line_number": 1768
      },
      {
        "type": "Hex High Entropy String",
        "filename": "tests/unit/report/fixtures/wordpress_report.json",
        "hashed_secret": "5c70d96bf1b3fb244bbb049e8e802c8f7a968391",
        "is_verified": false,
        "line_number": 1781
      },
      {
        "type": "Hex High Entropy String",
        "filename": "tests/unit/report/fixtures/wordpress_report.json",
        "hashed_secret": "24dcc809e8922ecb736c29d9b37395b8e82f0607",
        "is_verified": false,
        "line_number": 1794
      },
      {
        "type": "Hex High Entropy String",
        "filename": "tests/unit/report/fixtures/wordpress_report.json",
        "hashed_secret": "ed3c0d6cace843de7e7d9b4232ba89aef62e184b",
        "is_verified": false,
        "line_number": 1857
      },
      {
        "type": "Hex High Entropy String",
        "filename": "tests/unit/report/fixtures/wordpress_report.json",
        "hashed_secret": "ec5b2ffae9747cd512c6ea79e97ef0ef31769241",
        "is_verified": false,
        "line_number": 1894
      },
      {
        "type": "Hex High Entropy String",
        "filename": "tests/unit/report/fixtures/wordpress_report.json",
        "hashed_secret": "1c463d6d4c87ea94038aa14e51731b2d1f7b0ae7",
        "is_verified": false,
        "line_number": 1931
      },
      {
        "type": "Hex High Entropy String",
        "filename": "tests/unit/report/fixtures/wordpress_report.json",
        "hashed_secret": "42b595863c346b990b0903de0142a53fe0f2542d",
        "is_verified": false,
        "line_number": 1968
      },
      {
        "type": "Hex High Entropy String",
        "filename": "tests/unit/report/fixtures/wordpress_report.json",
        "hashed_secret": "d0d47e4b9ef01792c2f47aedd56b8de93a037c06",
        "is_verified": false,
        "line_number": 2005
      },
      {
        "type": "Hex High Entropy String",
        "filename": "tests/unit/report/fixtures/wordpress_report.json",
        "hashed_secret": "de396b82b383b9d4952d20270be96254db5c2b8f",
        "is_verified": false,
        "line_number": 2042
      },
      {
        "type": "Hex High Entropy String",
        "filename": "tests/unit/report/fixtures/wordpress_report.json",
        "hashed_secret": "b7c986254f2015ee9bc067c9800a1112ef237308",
        "is_verified": false,
        "line_number": 2079
      },
      {
        "type": "Hex High Entropy String",
        "filename": "tests/unit/report/fixtures/wordpress_report.json",
        "hashed_secret": "e73bbb9ad800bead855a50053e236b002a7b8c75",
        "is_verified": false,
        "line_number": 2116
      },
      {
        "type": "Hex High Entropy String",
        "filename": "tests/unit/report/fixtures/wordpress_report.json",
        "hashed_secret": "2f2c6ea36ea3ca9bec30deaf1f69ce6ea7d21618",
        "is_verified": false,
        "line_number": 2153
      },
      {
        "type": "Hex High Entropy String",
        "filename": "tests/unit/report/fixtures/wordpress_report.json",
        "hashed_secret": "6deab671a8af1bbe9fbe0216b43687b784cd4f6f",
        "is_verified": false,
        "line_number": 3052
      },
      {
        "type": "Hex High Entropy String",
        "filename": "tests/unit/report/fixtures/wordpress_report.json",
        "hashed_secret": "d5eb206e82a68444e67697a6b36c3c73e10443be",
        "is_verified": false,
        "line_number": 3369
      },
      {
        "type": "Hex High Entropy String",
        "filename": "tests/unit/report/fixtures/wordpress_report.json",
        "hashed_secret": "a068c1d87f46633e2ce71bd9e0e5f8125221016c",
        "is_verified": false,
        "line_number": 3370
      },
      {
        "type": "Hex High Entropy String",
        "filename": "tests/unit/report/fixtures/wordpress_report.json",
        "hashed_secret": "db403424eb7e2d81ec6a8a3b9a5bfd81668eccce",
        "is_verified": false,
        "line_number": 3371
      },
      {
        "type": "Hex High Entropy String",
        "filename": "tests/unit/report/fixtures/wordpress_report.json",
        "hashed_secret": "44e50ba5e906d2370d007c131ca99507b11cc401",
        "is_verified": false,
        "line_number": 3387
      },
      {
        "type": "Hex High Entropy String",
        "filename": "tests/unit/report/fixtures/wordpress_report.json",
        "hashed_secret": "86d2b65cb7d92e193d098cb5827207df966c54d9",
        "is_verified": false,
        "line_number": 3388
      },
      {
        "type": "Hex High Entropy String",
        "filename": "tests/unit/report/fixtures/wordpress_report.json",
        "hashed_secret": "96b75cf9c557fe655218a5fa441aaeb828d0c3eb",
        "is_verified": false,
        "line_number": 3389
      },
      {
        "type": "Hex High Entropy String",
        "filename": "tests/unit/report/fixtures/wordpress_report.json",
        "hashed_secret": "37b971a1533f3fd892e2eb388c50af4e6c374d4e",
        "is_verified": false,
        "line_number": 3390
      },
      {
        "type": "Hex High Entropy String",
        "filename": "tests/unit/report/fixtures/wordpress_report.json",
        "hashed_secret": "416edd8ef96a20eaf88a9603bf71612ff54cce36",
        "is_verified": false,
        "line_number": 3406
      },
      {
        "type": "Hex High Entropy String",
        "filename": "tests/unit/report/fixtures/wordpress_report.json",
        "hashed_secret": "9d5836a4fab1cc2d954b432d1f38b8c8a38fd32f",
        "is_verified": false,
        "line_number": 3407
      },
      {
        "type": "Hex High Entropy String",
        "filename": "tests/unit/report/fixtures/wordpress_report.json",
        "hashed_secret": "b01d2650e137bcb89505775daba9d0bfd16f611b",
        "is_verified": false,
        "line_number": 3408
      },
      {
        "type": "Hex High Entropy String",
        "filename": "tests/unit/report/fixtures/wordpress_report.json",
        "hashed_secret": "0da918df229d757ebb2519d6fece8f8fe26e0790",
        "is_verified": false,
        "line_number": 3422
      },
      {
        "type": "Hex High Entropy String",
        "filename": "tests/unit/report/fixtures/wordpress_report.json",
        "hashed_secret": "1910259c2200293212720d218ae3d8b7cb4c104c",
        "is_verified": false,
        "line_number": 3423
      },
      {
        "type": "Hex High Entropy String",
        "filename": "tests/unit/report/fixtures/wordpress_report.json",
        "hashed_secret": "b52cc7180d052822bee98b366f013ff0beed137f",
        "is_verified": false,
        "line_number": 3438
      },
      {
        "type": "Hex High Entropy String",
        "filename": "tests/unit/report/fixtures/wordpress_report.json",
        "hashed_secret": "6bce4f04d430e882a8e587203b795a0615c48626",
        "is_verified": false,
        "line_number": 3439
      },
      {
        "type": "Hex High Entropy String",
        "filename": "tests/unit/report/fixtures/wordpress_report.json",
        "hashed_secret": "3cd845d0f9d7913233eadca1b107058aa86380ac",
        "is_verified": false,
        "line_number": 3461
      },
      {
        "type": "Hex High Entropy String",
        "filename": "tests/unit/report/fixtures/wordpress_report.json",
        "hashed_secret": "3a0ff6295b3d8b1fcab31962cc9312d080ebf7b2",
        "is_verified": false,
        "line_number": 3462
      },
      {
        "type": "Hex High Entropy String",
        "filename": "tests/unit/report/fixtures/wordpress_report.json",
        "hashed_secret": "470d276cdfae13b22e78168ebffe5ac0dbae6ee8",
        "is_verified": false,
        "line_number": 4455
      },
      {
        "type": "Hex High Entropy String",
        "filename": "tests/unit/report/fixtures/wordpress_report.json",
        "hashed_secret": "4f4ffaea1695870d90dd72100971bf9c75665e2f",
        "is_verified": false,
        "line_number": 4456
      },
      {
        "type": "Hex High Entropy String",
        "filename": "tests/unit/report/fixtures/wordpress_report.json",
        "hashed_secret": "c2a910404790c136d19d8ec2ffcec5a04dc892b9",
        "is_verified": false,
        "line_number": 4457
      },
      {
        "type": "Hex High Entropy String",
        "filename": "tests/unit/report/fixtures/wordpress_report.json",
        "hashed_secret": "aa937485901f053a6c7d26eba03773da4337e597",
        "is_verified": false,
        "line_number": 4458
      },
      {
        "type": "Hex High Entropy String",
        "filename": "tests/unit/report/fixtures/wordpress_report.json",
        "hashed_secret": "01e4be0194aa3ab76a50cba5762d11588401f5c4",
        "is_verified": false,
        "line_number": 4459
      },
      {
        "type": "Hex High Entropy String",
        "filename": "tests/unit/report/fixtures/wordpress_report.json",
        "hashed_secret": "25cd05556326e039cb1a94911ddd2a0776c38ac7",
        "is_verified": false,
        "line_number": 4460
      },
      {
        "type": "Hex High Entropy String",
        "filename": "tests/unit/report/fixtures/wordpress_report.json",
        "hashed_secret": "59432f43d2b4c8532c1e174140abedf06e71e4db",
        "is_verified": false,
        "line_number": 4461
      }
    ],
    "tests/unit/shared/test_unsupported_pattern.py": [
      {
        "type": "Hex High Entropy String",
        "filename": "tests/unit/shared/test_unsupported_pattern.py",
        "hashed_secret": "bcbb42849fb6238b4dc43da4587a688603c40e6d",
        "is_verified": false,
        "line_number": 51
      },
      {
        "type": "Hex High Entropy String",
        "filename": "tests/unit/shared/test_unsupported_pattern.py",
        "hashed_secret": "9e3e7d625bc51a5862878601d4842afa56ef7c1a",
        "is_verified": false,
        "line_number": 54
      }
    ]
  },
  "generated_at": "2026-10-03T15:54:47Z"
}
