{
  "version": "1.5.0",
  "plugins_used": [
    {
      "name": "ArtifactoryDetector"
    },
    {
      "name": "AWSKeyDetector"
    },
    {
      "name": "AzureStorageKeyDetector"
    },
    {
      "name": "Base64HighEntropyString",
      "limit": 4.5
    },
    {
      "name": "BasicAuthDetector"
    },
    {
      "name": "CloudantDetector"
    },
    {
      "name": "DiscordBotTokenDetector"
    },
    {
      "name": "GitHubTokenDetector"
    },
    {
      "name": "GitLabTokenDetector"
    },
    {
      "name": "HexHighEntropyString",
      "limit": 3.0
    },
    {
      "name": "IbmCloudIamDetector"
    },
    {
      "name": "IbmCosHmacDetector"
    },
    {
      "name": "IPPublicDetector"
    },
    {
      "name": "JwtTokenDetector"
    },
    {
      "name": "KeywordDetector",
      "keyword_exclude": ""
    },
    {
      "name": "MailchimpDetector"
    },
    {
      "name": "NpmDetector"
    },
    {
      "name": "OpenAIDetector"
    },
    {
      "name": "PrivateKeyDetector"
    },
    {
      "name": "PypiTokenDetector"
    },
    {
      "name": "SendGridDetector"
    },
    {
      "name": "SlackDetector"
    },
    {
      "name": "SoftlayerDetector"
    },
    {
      "name": "SquareOAuthDetector"
    },
    {
      "name": "StripeDetector"
    },
    {
      "name": "TelegramBotTokenDetector"
    },
    {
      "name": "TwilioKeyDetector"
    }
  ],
  "filters_used": [
    {
      "path": "detect_secrets.filters.allowlist.is_line_allowlisted"
    },
    {
      "path": "detect_secrets.filters.common.is_baseline_file",
      "filename": ".secrets.baseline"
    },
    {
      "path": "detect_secrets.filters.common.is_ignored_due_to_verification_policies",
      "min_level": 2
    },
    {
      "path": "detect_secrets.filters.heuristic.is_indirect_reference"
    },
    {
      "path": "detect_secrets.filters.heuristic.is_likely_id_string"
    },
    {
      "path": "detect_secrets.filters.heuristic.is_lock_file"
    },
    {
      "path": "detect_secrets.filters.heuristic.is_not_alphanumeric_string"
    },
    {
      "path": "detect_secrets.filters.heuristic.is_potential_uuid"
    },
    {
      "path": "detect_secrets.filters.heuristic.is_prefixed_with_dollar_sign"
    },
    {
      "path": "detect_secrets.filters.heuristic.is_sequential_string"
    },
    {
      "path": "detect_secrets.filters.heuristic.is_swagger_file"
    },
    {
      "path": "detect_secrets.filters.heuristic.is_templated_secret"
    }
  ],
  "results": {
    "docs/02-architecture/decisions/ADR-004-rds-tools-and-aws-integration.md": [
      {
        "type": "Secret Keyword",
        "filename": "docs/02-architecture/decisions/ADR-004-rds-tools-and-aws-integration.md",
        "hashed_secret": "954dd1dae0040b00a0b29d6bd3da939c0b742dad",
        "is_verified": false,
        "line_number": 953
      },
      {
        "type": "Secret Keyword",
        "filename": "docs/02-architecture/decisions/ADR-004-rds-tools-and-aws-integration.md",
        "hashed_secret": "d2eb1e4c15a1d29af2fbf2805b58094b576891b3",
        "is_verified": false,
        "line_number": 1044
      }
    ],
    "docs/05-implementation-guides/README_mysql_collector.md": [
      {
        "type": "Secret Keyword",
        "filename": "docs/05-implementation-guides/README_mysql_collector.md",
        "hashed_secret": "300296288ef502c21db2808601303438a920986a",
        "is_verified": false,
        "line_number": 82
      },
      {
        "type": "Secret Keyword",
        "filename": "docs/05-implementation-guides/README_mysql_collector.md",
        "hashed_secret": "83a40eb88ec246778956bd854efec4f87fe3b742",
        "is_verified": false,
        "line_number": 397
      }
    ],
    "docs/05-implementation-guides/strands-collector-guide.md": [
      {
        "type": "Secret Keyword",
        "filename": "docs/05-implementation-guides/strands-collector-guide.md",
        "hashed_secret": "954dd1dae0040b00a0b29d6bd3da939c0b742dad",
        "is_verified": false,
        "line_number": 1187
      }
    ],
    "docs/speech/slides/5-min-deck.html": [
      {
        "type": "Base64 High Entropy String",
        "filename": "docs/speech/slides/5-min-deck.html",
        "hashed_secret": "4d539ad941f58f9286dd0500b93a6271e43815ea",
        "is_verified": false,
        "line_number": 12
      },
      {
        "type": "Base64 High Entropy String",
        "filename": "docs/speech/slides/5-min-deck.html",
        "hashed_secret": "7d4a590dffc5e9271b22c8e04bb9e739a7bc8d17",
        "is_verified": false,
        "line_number": 14
      },
      {
        "type": "Base64 High Entropy String",
        "filename": "docs/speech/slides/5-min-deck.html",
        "hashed_secret": "6a50eaadc09470916135ca447111f53e1fdbc6f5",
        "is_verified": false,
        "line_number": 18
      },
      {
        "type": "Base64 High Entropy String",
        "filename": "docs/speech/slides/5-min-deck.html",
        "hashed_secret": "80a2e630fddad0d6555ebf1f7e42403bf8373485",
        "is_verified": false,
        "line_number": 20
      },
      {
        "type": "Base64 High Entropy String",
        "filename": "docs/speech/slides/5-min-deck.html",
        "hashed_secret": "6605ce139553cb7ae5b4fc882b444a113dd15169",
        "is_verified": false,
        "line_number": 22
      },
      {
        "type": "Base64 High Entropy String",
        "filename": "docs/speech/slides/5-min-deck.html",
        "hashed_secret": "77d3baae6e89eb9730a2a20562dd5e08817f50a2",
        "is_verified": false,
        "line_number": 26
      },
      {
        "type": "Base64 High Entropy String",
        "filename": "docs/speech/slides/5-min-deck.html",
        "hashed_secret": "3bcc4a97a0f907badf7228fe289ca3cf5ecea00d",
        "is_verified": false,
        "line_number": 1129
      },
      {
        "type": "Base64 High Entropy String",
        "filename": "docs/speech/slides/5-min-deck.html",
        "hashed_secret": "b067fbbfaaf671763f10d6ff3b3b007f539b5c37",
        "is_verified": false,
        "line_number": 1131
      },
      {
        "type": "Base64 High Entropy String",
        "filename": "docs/speech/slides/5-min-deck.html",
        "hashed_secret": "fba65814a816e2a618a4e39960f9abcd5504f255",
        "is_verified": false,
        "line_number": 1133
      },
      {
        "type": "Base64 High Entropy String",
        "filename": "docs/speech/slides/5-min-deck.html",
        "hashed_secret": "727f4d6b9b34e40948e3b06d45c1271809dfaa85",
        "is_verified": false,
        "line_number": 1135
      }
    ],
    "docs/speech/slides/full-speech-deck.html": [
      {
        "type": "Base64 High Entropy String",
        "filename": "docs/speech/slides/full-speech-deck.html",
        "hashed_secret": "4d539ad941f58f9286dd0500b93a6271e43815ea",
        "is_verified": false,
        "line_number": 10
      },
      {
        "type": "Base64 High Entropy String",
        "filename": "docs/speech/slides/full-speech-deck.html",
        "hashed_secret": "7d4a590dffc5e9271b22c8e04bb9e739a7bc8d17",
        "is_verified": false,
        "line_number": 12
      },
      {
        "type": "Base64 High Entropy String",
        "filename": "docs/speech/slides/full-speech-deck.html",
        "hashed_secret": "80a2e630fddad0d6555ebf1f7e42403bf8373485",
        "is_verified": false,
        "line_number": 14
      },
      {
        "type": "Base64 High Entropy String",
        "filename": "docs/speech/slides/full-speech-deck.html",
        "hashed_secret": "6605ce139553cb7ae5b4fc882b444a113dd15169",
        "is_verified": false,
        "line_number": 16
      },
      {
        "type": "Base64 High Entropy String",
        "filename": "docs/speech/slides/full-speech-deck.html",
        "hashed_secret": "77d3baae6e89eb9730a2a20562dd5e08817f50a2",
        "is_verified": false,
        "line_number": 18
      },
      {
        "type": "Base64 High Entropy String",
        "filename": "docs/speech/slides/full-speech-deck.html",
        "hashed_secret": "3bcc4a97a0f907badf7228fe289ca3cf5ecea00d",
        "is_verified": false,
        "line_number": 1304
      },
      {
        "type": "Base64 High Entropy String",
        "filename": "docs/speech/slides/full-speech-deck.html",
        "hashed_secret": "b067fbbfaaf671763f10d6ff3b3b007f539b5c37",
        "is_verified": false,
        "line_number": 1306
      },
      {
        "type": "Base64 High Entropy String",
        "filename": "docs/speech/slides/full-speech-deck.html",
        "hashed_secret": "fba65814a816e2a618a4e39960f9abcd5504f255",
        "is_verified": false,
        "line_number": 1308
      }
    ],
    "src/ui/src/config/apiMockData.js": [
      {
        "type": "Hex High Entropy String",
        "filename": "src/ui/src/config/apiMockData.js",
        "hashed_secret": "ef678205593788329ff416ce5c65fa04f33a05bd",
        "is_verified": false,
        "line_number": 11
      }
    ],
    "src/ui/src/pages/CreateAnalysis.js": [
      {
        "type": "Secret Keyword",
        "filename": "src/ui/src/pages/CreateAnalysis.js",
        "hashed_secret": "d124b4625fb3a5667190c071a8745a9fcf816df3",
        "is_verified": false,
        "line_number": 873
      },
      {
        "type": "Secret Keyword",
        "filename": "src/ui/src/pages/CreateAnalysis.js",
        "hashed_secret": "bb9192a7147f39d4b6fba9c6dbfa2f562b5ad285",
        "is_verified": false,
        "line_number": 875
      },
      {
        "type": "Secret Keyword",
        "filename": "src/ui/src/pages/CreateAnalysis.js",
        "hashed_secret": "8dbbc2c2c440fe299e903c3f65f39ecb3a20a97d",
        "is_verified": false,
        "line_number": 879
      },
      {
        "type": "Secret Keyword",
        "filename": "src/ui/src/pages/CreateAnalysis.js",
        "hashed_secret": "6c56a9249cba324d029f725f1f7c0e47184e2dcf",
        "is_verified": false,
        "line_number": 886
      }
    ],
    "tests/unit/agents/test_collector_handler.py": [
      {
        "type": "Secret Keyword",
        "filename": "tests/unit/agents/test_collector_handler.py",
        "hashed_secret": "f7dd185f1eda4f6c794ef373aa42c36e1a51eeb7",
        "is_verified": false,
        "line_number": 15
      }
    ]
  },
  "generated_at": "2026-06-01T20:47:33Z"
}
